Archive member included to satisfy reference by file (symbol)

/opt/Atollic_TrueSTUDIO_for_STM32_x86_64_9.3.0/ARMTools/bin/../lib/gcc/arm-atollic-eabi/6.3.1/../../../../arm-atollic-eabi/lib/armv7e-m/fpu/libc_nano.a(lib_a-errno.o)
                              Src/syscalls.o (__errno)
/opt/Atollic_TrueSTUDIO_for_STM32_x86_64_9.3.0/ARMTools/bin/../lib/gcc/arm-atollic-eabi/6.3.1/../../../../arm-atollic-eabi/lib/armv7e-m/fpu/libc_nano.a(lib_a-impure.o)
                              /opt/Atollic_TrueSTUDIO_for_STM32_x86_64_9.3.0/ARMTools/bin/../lib/gcc/arm-atollic-eabi/6.3.1/../../../../arm-atollic-eabi/lib/armv7e-m/fpu/libc_nano.a(lib_a-errno.o) (_impure_ptr)
/opt/Atollic_TrueSTUDIO_for_STM32_x86_64_9.3.0/ARMTools/bin/../lib/gcc/arm-atollic-eabi/6.3.1/../../../../arm-atollic-eabi/lib/armv7e-m/fpu/libc_nano.a(lib_a-init.o)
                              startup/startup_stm32f429xx.o (__libc_init_array)
/opt/Atollic_TrueSTUDIO_for_STM32_x86_64_9.3.0/ARMTools/bin/../lib/gcc/arm-atollic-eabi/6.3.1/../../../../arm-atollic-eabi/lib/armv7e-m/fpu/libc_nano.a(lib_a-memcpy-stub.o)
                              Middlewares/Third_Party/FreeRTOS/Source/CMSIS_RTOS_V2/cmsis_os2.o (memcpy)
/opt/Atollic_TrueSTUDIO_for_STM32_x86_64_9.3.0/ARMTools/bin/../lib/gcc/arm-atollic-eabi/6.3.1/../../../../arm-atollic-eabi/lib/armv7e-m/fpu/libc_nano.a(lib_a-memset.o)
                              Middlewares/Third_Party/FreeRTOS/Source/stream_buffer.o (memset)
/opt/Atollic_TrueSTUDIO_for_STM32_x86_64_9.3.0/ARMTools/bin/../lib/gcc/arm-atollic-eabi/6.3.1/armv7e-m/fpu/libgcc.a(_aeabi_uldivmod.o)
                              Drivers/STM32F4xx_HAL_Driver/Src/stm32f4xx_hal_rcc.o (__aeabi_uldivmod)
/opt/Atollic_TrueSTUDIO_for_STM32_x86_64_9.3.0/ARMTools/bin/../lib/gcc/arm-atollic-eabi/6.3.1/armv7e-m/fpu/libgcc.a(_udivmoddi4.o)
                              /opt/Atollic_TrueSTUDIO_for_STM32_x86_64_9.3.0/ARMTools/bin/../lib/gcc/arm-atollic-eabi/6.3.1/armv7e-m/fpu/libgcc.a(_aeabi_uldivmod.o) (__udivmoddi4)
/opt/Atollic_TrueSTUDIO_for_STM32_x86_64_9.3.0/ARMTools/bin/../lib/gcc/arm-atollic-eabi/6.3.1/armv7e-m/fpu/libgcc.a(_dvmd_tls.o)
                              /opt/Atollic_TrueSTUDIO_for_STM32_x86_64_9.3.0/ARMTools/bin/../lib/gcc/arm-atollic-eabi/6.3.1/armv7e-m/fpu/libgcc.a(_aeabi_uldivmod.o) (__aeabi_ldiv0)

Allocating common symbols
Common symbol       size              file

defaultTaskHandle   0x4               Src/main.o
huart7              0x40              Src/main.o
huart3              0x40              Src/main.o
hpcd_USB_OTG_FS     0x408             Src/main.o
uwTick              0x4               Drivers/STM32F4xx_HAL_Driver/Src/stm32f4xx_hal.o
xQueueRegistry      0x40              Middlewares/Third_Party/FreeRTOS/Source/queue.o
pFlash              0x20              Drivers/STM32F4xx_HAL_Driver/Src/stm32f4xx_hal_flash.o
UARTReceptionHandle
                    0x4               Src/main.o
UARTSendHandle      0x4               Src/main.o
myTask04Handle      0x4               Src/main.o
down_arrow          0x4               Src/main.o
hdac                0x14              Src/main.o
myTask02Handle      0x4               Src/main.o
htim1               0x40              Src/stm32f4xx_hal_timebase_tim.o
myTask03Handle      0x4               Src/main.o
left_arrow          0x4               Src/main.o
right_arrow         0x4               Src/main.o
heth                0x48              Src/main.o

Discarded input sections

 .text          0x0000000000000000        0x0 /opt/Atollic_TrueSTUDIO_for_STM32_x86_64_9.3.0/ARMTools/bin/../lib/gcc/arm-atollic-eabi/6.3.1/armv7e-m/fpu/crti.o
 .data          0x0000000000000000        0x0 /opt/Atollic_TrueSTUDIO_for_STM32_x86_64_9.3.0/ARMTools/bin/../lib/gcc/arm-atollic-eabi/6.3.1/armv7e-m/fpu/crti.o
 .bss           0x0000000000000000        0x0 /opt/Atollic_TrueSTUDIO_for_STM32_x86_64_9.3.0/ARMTools/bin/../lib/gcc/arm-atollic-eabi/6.3.1/armv7e-m/fpu/crti.o
 .data          0x0000000000000000        0x4 /opt/Atollic_TrueSTUDIO_for_STM32_x86_64_9.3.0/ARMTools/bin/../lib/gcc/arm-atollic-eabi/6.3.1/armv7e-m/fpu/crtbegin.o
 .text          0x0000000000000000        0x0 Drivers/STM32F4xx_HAL_Driver/Src/stm32f4xx_hal.o
 .data          0x0000000000000000        0x0 Drivers/STM32F4xx_HAL_Driver/Src/stm32f4xx_hal.o
 .bss           0x0000000000000000        0x0 Drivers/STM32F4xx_HAL_Driver/Src/stm32f4xx_hal.o
 .text.HAL_DeInit
                0x0000000000000000       0x58 Drivers/STM32F4xx_HAL_Driver/Src/stm32f4xx_hal.o
 .text.HAL_MspInit
                0x0000000000000000        0xe Drivers/STM32F4xx_HAL_Driver/Src/stm32f4xx_hal.o
 .text.HAL_MspDeInit
                0x0000000000000000        0xe Drivers/STM32F4xx_HAL_Driver/Src/stm32f4xx_hal.o
 .text.HAL_InitTick
                0x0000000000000000       0x60 Drivers/STM32F4xx_HAL_Driver/Src/stm32f4xx_hal.o
 .text.HAL_GetTickPrio
                0x0000000000000000       0x18 Drivers/STM32F4xx_HAL_Driver/Src/stm32f4xx_hal.o
 .text.HAL_SetTickFreq
[...]
Memory Configuration

Name             Origin             Length             Attributes
RAM              0x0000000020000000 0x0000000000030000 xrw
CCMRAM           0x0000000010000000 0x0000000000010000 xrw
FLASH            0x0000000008000000 0x0000000000200000 xr
*default*        0x0000000000000000 0xffffffffffffffff

Linker script and memory map

LOAD /opt/Atollic_TrueSTUDIO_for_STM32_x86_64_9.3.0/ARMTools/bin/../lib/gcc/arm-atollic-eabi/6.3.1/armv7e-m/fpu/crti.o
LOAD /opt/Atollic_TrueSTUDIO_for_STM32_x86_64_9.3.0/ARMTools/bin/../lib/gcc/arm-atollic-eabi/6.3.1/armv7e-m/fpu/crtbegin.o
LOAD Drivers/STM32F4xx_HAL_Driver/Src/stm32f4xx_hal.o
LOAD Drivers/STM32F4xx_HAL_Driver/Src/stm32f4xx_hal_cortex.o
LOAD Drivers/STM32F4xx_HAL_Driver/Src/stm32f4xx_hal_dac.o
LOAD Drivers/STM32F4xx_HAL_Driver/Src/stm32f4xx_hal_dac_ex.o
LOAD Drivers/STM32F4xx_HAL_Driver/Src/stm32f4xx_hal_dma.o
LOAD Drivers/STM32F4xx_HAL_Driver/Src/stm32f4xx_hal_dma_ex.o
LOAD Drivers/STM32F4xx_HAL_Driver/Src/stm32f4xx_hal_eth.o
LOAD Drivers/STM32F4xx_HAL_Driver/Src/stm32f4xx_hal_exti.o
LOAD Drivers/STM32F4xx_HAL_Driver/Src/stm32f4xx_hal_flash.o
LOAD Drivers/STM32F4xx_HAL_Driver/Src/stm32f4xx_hal_flash_ex.o
LOAD Drivers/STM32F4xx_HAL_Driver/Src/stm32f4xx_hal_flash_ramfunc.o
LOAD Drivers/STM32F4xx_HAL_Driver/Src/stm32f4xx_hal_gpio.o
LOAD Drivers/STM32F4xx_HAL_Driver/Src/stm32f4xx_hal_pcd.o
LOAD Drivers/STM32F4xx_HAL_Driver/Src/stm32f4xx_hal_pcd_ex.o
LOAD Drivers/STM32F4xx_HAL_Driver/Src/stm32f4xx_hal_pwr.o
LOAD Drivers/STM32F4xx_HAL_Driver/Src/stm32f4xx_hal_pwr_ex.o
LOAD Drivers/STM32F4xx_HAL_Driver/Src/stm32f4xx_hal_rcc.o
LOAD Drivers/STM32F4xx_HAL_Driver/Src/stm32f4xx_hal_rcc_ex.o
LOAD Drivers/STM32F4xx_HAL_Driver/Src/stm32f4xx_hal_tim.o
LOAD Drivers/STM32F4xx_HAL_Driver/Src/stm32f4xx_hal_tim_ex.o
LOAD Drivers/STM32F4xx_HAL_Driver/Src/stm32f4xx_hal_uart.o
LOAD Drivers/STM32F4xx_HAL_Driver/Src/stm32f4xx_ll_usb.o
LOAD Middlewares/Third_Party/FreeRTOS/Source/CMSIS_RTOS_V2/cmsis_os2.o
LOAD Middlewares/Third_Party/FreeRTOS/Source/croutine.o
LOAD Middlewares/Third_Party/FreeRTOS/Source/event_groups.o
LOAD Middlewares/Third_Party/FreeRTOS/Source/list.o
LOAD Middlewares/Third_Party/FreeRTOS/Source/portable/GCC/ARM_CM4F/port.o
LOAD Middlewares/Third_Party/FreeRTOS/Source/portable/MemMang/heap_4.o
LOAD Middlewares/Third_Party/FreeRTOS/Source/queue.o
LOAD Middlewares/Third_Party/FreeRTOS/Source/stream_buffer.o
LOAD Middlewares/Third_Party/FreeRTOS/Source/tasks.o
LOAD Middlewares/Third_Party/FreeRTOS/Source/timers.o
LOAD Src/drivers_leds.o
LOAD Src/freertos.o
LOAD Src/main.o
LOAD Src/stm32f4xx_hal_msp.o
LOAD Src/stm32f4xx_hal_timebase_tim.o
LOAD Src/stm32f4xx_it.o
LOAD Src/syscalls.o
LOAD Src/system_stm32f4xx.o
LOAD startup/startup_stm32f429xx.o
                0x0000000000000080                malloc_getpagesize_P = 0x80
START GROUP
LOAD /opt/Atollic_TrueSTUDIO_for_STM32_x86_64_9.3.0/ARMTools/bin/../lib/gcc/arm-atollic-eabi/6.3.1/../../../../arm-atollic-eabi/lib/armv7e-m/fpu/libc_nano.a
LOAD /opt/Atollic_TrueSTUDIO_for_STM32_x86_64_9.3.0/ARMTools/bin/../lib/gcc/arm-atollic-eabi/6.3.1/../../../../arm-atollic-eabi/lib/armv7e-m/fpu/libm.a
END GROUP
START GROUP
LOAD /opt/Atollic_TrueSTUDIO_for_STM32_x86_64_9.3.0/ARMTools/bin/../lib/gcc/arm-atollic-eabi/6.3.1/armv7e-m/fpu/libgcc.a
LOAD /opt/Atollic_TrueSTUDIO_for_STM32_x86_64_9.3.0/ARMTools/bin/../lib/gcc/arm-atollic-eabi/6.3.1/../../../../arm-atollic-eabi/lib/armv7e-m/fpu/libc_nano.a
END GROUP
START GROUP
LOAD /opt/Atollic_TrueSTUDIO_for_STM32_x86_64_9.3.0/ARMTools/bin/../lib/gcc/arm-atollic-eabi/6.3.1/armv7e-m/fpu/libgcc.a
LOAD /opt/Atollic_TrueSTUDIO_for_STM32_x86_64_9.3.0/ARMTools/bin/../lib/gcc/arm-atollic-eabi/6.3.1/../../../../arm-atollic-eabi/lib/armv7e-m/fpu/libc_nano.a
LOAD /opt/Atollic_TrueSTUDIO_for_STM32_x86_64_9.3.0/ARMTools/bin/../lib/gcc/arm-atollic-eabi/6.3.1/../../../../arm-atollic-eabi/lib/armv7e-m/fpu/libnosys.a
END GROUP
START GROUP
LOAD /opt/Atollic_TrueSTUDIO_for_STM32_x86_64_9.3.0/ARMTools/bin/../lib/gcc/arm-atollic-eabi/6.3.1/armv7e-m/fpu/libgcc.a
LOAD /opt/Atollic_TrueSTUDIO_for_STM32_x86_64_9.3.0/ARMTools/bin/../lib/gcc/arm-atollic-eabi/6.3.1/../../../../arm-atollic-eabi/lib/armv7e-m/fpu/libc_nano.a
LOAD /opt/Atollic_TrueSTUDIO_for_STM32_x86_64_9.3.0/ARMTools/bin/../lib/gcc/arm-atollic-eabi/6.3.1/../../../../arm-atollic-eabi/lib/armv7e-m/fpu/libnosys.a
END GROUP
LOAD /opt/Atollic_TrueSTUDIO_for_STM32_x86_64_9.3.0/ARMTools/bin/../lib/gcc/arm-atollic-eabi/6.3.1/armv7e-m/fpu/crtend.o
LOAD /opt/Atollic_TrueSTUDIO_for_STM32_x86_64_9.3.0/ARMTools/bin/../lib/gcc/arm-atollic-eabi/6.3.1/armv7e-m/fpu/crtn.o
                0x0000000020030000                _estack = 0x20030000
                0x0000000000000200                _Min_Heap_Size = 0x200
                0x0000000000000400                _Min_Stack_Size = 0x400

.isr_vector     0x0000000008000000      0x1ac
                0x0000000008000000                . = ALIGN (0x4)
 *(.isr_vector)
 .isr_vector    0x0000000008000000      0x1ac startup/startup_stm32f429xx.o
                0x0000000008000000                g_pfnVectors
                0x00000000080001ac                . = ALIGN (0x4)

.text           0x00000000080001b0     0x5e14
                0x00000000080001b0                . = ALIGN (0x4)
 *(.text)
 .text          0x00000000080001b0       0x40 /opt/Atollic_TrueSTUDIO_for_STM32_x86_64_9.3.0/ARMTools/bin/../lib/gcc/arm-atollic-eabi/6.3.1/armv7e-m/fpu/crtbegin.o
 .text          0x00000000080001f0       0x30 /opt/Atollic_TrueSTUDIO_for_STM32_x86_64_9.3.0/ARMTools/bin/../lib/gcc/arm-atollic-eabi/6.3.1/armv7e-m/fpu/libgcc.a(_aeabi_uldivmod.o)
                0x00000000080001f0                __aeabi_uldivmod
 .text          0x0000000008000220      0x2dc /opt/Atollic_TrueSTUDIO_for_STM32_x86_64_9.3.0/ARMTools/bin/../lib/gcc/arm-atollic-eabi/6.3.1/armv7e-m/fpu/libgcc.a(_udivmoddi4.o)
                0x0000000008000220                __udivmoddi4
 .text          0x00000000080004fc        0x4 /opt/Atollic_TrueSTUDIO_for_STM32_x86_64_9.3.0/ARMTools/bin/../lib/gcc/arm-atollic-eabi/6.3.1/armv7e-m/fpu/libgcc.a(_dvmd_tls.o)
                0x00000000080004fc                __aeabi_ldiv0
                0x00000000080004fc                __aeabi_idiv0
 *(.text*)
 .text.HAL_Init
                0x0000000008000500       0x44 Drivers/STM32F4xx_HAL_Driver/Src/stm32f4xx_hal.o
                0x0000000008000500                HAL_Init
 .text.HAL_IncTick
                0x0000000008000544       0x28 Drivers/STM32F4xx_HAL_Driver/Src/stm32f4xx_hal.o
                0x0000000008000544                HAL_IncTick
 .text.HAL_GetTick
                0x000000000800056c       0x18 Drivers/STM32F4xx_HAL_Driver/Src/stm32f4xx_hal.o
                0x000000000800056c                HAL_GetTick
 .text.__NVIC_SetPriorityGrouping
                0x0000000008000584       0x48 Drivers/STM32F4xx_HAL_Driver/Src/stm32f4xx_hal_cortex.o
 .text.__NVIC_GetPriorityGrouping
                0x00000000080005cc       0x1c Drivers/STM32F4xx_HAL_Driver/Src/stm32f4xx_hal_cortex.o
 .text.__NVIC_EnableIRQ
                0x00000000080005e8       0x3c Drivers/STM32F4xx_HAL_Driver/Src/stm32f4xx_hal_cortex.o
 .text.__NVIC_SetPriority
                0x0000000008000624       0x54 Drivers/STM32F4xx_HAL_Driver/Src/stm32f4xx_hal_cortex.o
 .text.NVIC_EncodePriority
                0x0000000008000678       0x62 Drivers/STM32F4xx_HAL_Driver/Src/stm32f4xx_hal_cortex.o
 .text.HAL_NVIC_SetPriorityGrouping
                0x00000000080006da       0x16 Drivers/STM32F4xx_HAL_Driver/Src/stm32f4xx_hal_cortex.o
                0x00000000080006da                HAL_NVIC_SetPriorityGrouping
 .text.HAL_NVIC_SetPriority
                0x00000000080006f0       0x38 Drivers/STM32F4xx_HAL_Driver/Src/stm32f4xx_hal_cortex.o
                0x00000000080006f0                HAL_NVIC_SetPriority
 .text.HAL_NVIC_EnableIRQ
                0x0000000008000728       0x1c Drivers/STM32F4xx_HAL_Driver/Src/stm32f4xx_hal_cortex.o
                0x0000000008000728                HAL_NVIC_EnableIRQ
 .text.HAL_DAC_Init
                0x0000000008000744       0x44 Drivers/STM32F4xx_HAL_Driver/Src/stm32f4xx_hal_dac.o
                0x0000000008000744                HAL_DAC_Init
 .text.HAL_DAC_ConfigChannel
                0x0000000008000788       0x9a Drivers/STM32F4xx_HAL_Driver/Src/stm32f4xx_hal_dac.o
                0x0000000008000788                HAL_DAC_ConfigChannel
 *fill*         0x0000000008000822        0x2 
 .text.HAL_GPIO_Init
                0x0000000008000824      0x354 Drivers/STM32F4xx_HAL_Driver/Src/stm32f4xx_hal_gpio.o
                0x0000000008000824                HAL_GPIO_Init
 .text.HAL_GPIO_WritePin
                0x0000000008000b78       0x32 Drivers/STM32F4xx_HAL_Driver/Src/stm32f4xx_hal_gpio.o
                0x0000000008000b78                HAL_GPIO_WritePin
 *fill*         0x0000000008000baa        0x2 
 .text.HAL_GPIO_EXTI_IRQHandler
                0x0000000008000bac       0x30 Drivers/STM32F4xx_HAL_Driver/Src/stm32f4xx_hal_gpio.o
                0x0000000008000bac                HAL_GPIO_EXTI_IRQHandler
 .text.HAL_RCC_OscConfig
                0x0000000008000bdc      0x4e0 Drivers/STM32F4xx_HAL_Driver/Src/stm32f4xx_hal_rcc.o
                0x0000000008000bdc                HAL_RCC_OscConfig
 .text.HAL_RCC_ClockConfig
                0x00000000080010bc      0x1cc Drivers/STM32F4xx_HAL_Driver/Src/stm32f4xx_hal_rcc.o
                0x00000000080010bc                HAL_RCC_ClockConfig
 .text.HAL_RCC_GetSysClockFreq
                0x0000000008001288      0x1b0 Drivers/STM32F4xx_HAL_Driver/Src/stm32f4xx_hal_rcc.o
                0x0000000008001288                HAL_RCC_GetSysClockFreq
 .text.HAL_RCC_GetHCLKFreq
                0x0000000008001438       0x18 Drivers/STM32F4xx_HAL_Driver/Src/stm32f4xx_hal_rcc.o
                0x0000000008001438                HAL_RCC_GetHCLKFreq
 .text.HAL_RCC_GetPCLK1Freq
                0x0000000008001450       0x28 Drivers/STM32F4xx_HAL_Driver/Src/stm32f4xx_hal_rcc.o
                0x0000000008001450                HAL_RCC_GetPCLK1Freq
 .text.HAL_RCC_GetPCLK2Freq
                0x0000000008001478       0x28 Drivers/STM32F4xx_HAL_Driver/Src/stm32f4xx_hal_rcc.o
                0x0000000008001478                HAL_RCC_GetPCLK2Freq
 .text.HAL_RCC_GetClockConfig
                0x00000000080014a0       0x64 Drivers/STM32F4xx_HAL_Driver/Src/stm32f4xx_hal_rcc.o
                0x00000000080014a0                HAL_RCC_GetClockConfig
 .text.HAL_TIM_Base_Init
                0x0000000008001504       0x56 Drivers/STM32F4xx_HAL_Driver/Src/stm32f4xx_hal_tim.o
                0x0000000008001504                HAL_TIM_Base_Init
 .text.HAL_TIM_Base_MspInit
                0x000000000800155a       0x14 Drivers/STM32F4xx_HAL_Driver/Src/stm32f4xx_hal_tim.o
                0x000000000800155a                HAL_TIM_Base_MspInit
 .text.HAL_TIM_Base_Start_IT
                0x000000000800156e       0x48 Drivers/STM32F4xx_HAL_Driver/Src/stm32f4xx_hal_tim.o
                0x000000000800156e                HAL_TIM_Base_Start_IT
 .text.HAL_TIM_IRQHandler
                0x00000000080015b6      0x210 Drivers/STM32F4xx_HAL_Driver/Src/stm32f4xx_hal_tim.o
                0x00000000080015b6                HAL_TIM_IRQHandler
 .text.HAL_TIM_OC_DelayElapsedCallback
                0x00000000080017c6       0x14 Drivers/STM32F4xx_HAL_Driver/Src/stm32f4xx_hal_tim.o
                0x00000000080017c6                HAL_TIM_OC_DelayElapsedCallback
 .text.HAL_TIM_IC_CaptureCallback
                0x00000000080017da       0x14 Drivers/STM32F4xx_HAL_Driver/Src/stm32f4xx_hal_tim.o
                0x00000000080017da                HAL_TIM_IC_CaptureCallback
 .text.HAL_TIM_PWM_PulseFinishedCallback
                0x00000000080017ee       0x14 Drivers/STM32F4xx_HAL_Driver/Src/stm32f4xx_hal_tim.o
                0x00000000080017ee                HAL_TIM_PWM_PulseFinishedCallback
 .text.HAL_TIM_TriggerCallback
                0x0000000008001802       0x14 Drivers/STM32F4xx_HAL_Driver/Src/stm32f4xx_hal_tim.o
                0x0000000008001802                HAL_TIM_TriggerCallback
 *fill*         0x0000000008001816        0x2 
 .text.TIM_Base_SetConfig
                0x0000000008001818      0x140 Drivers/STM32F4xx_HAL_Driver/Src/stm32f4xx_hal_tim.o
                0x0000000008001818                TIM_Base_SetConfig
 .text.HAL_TIMEx_CommutCallback
                0x0000000008001958       0x14 Drivers/STM32F4xx_HAL_Driver/Src/stm32f4xx_hal_tim_ex.o
                0x0000000008001958                HAL_TIMEx_CommutCallback
 .text.HAL_TIMEx_BreakCallback
                0x000000000800196c       0x14 Drivers/STM32F4xx_HAL_Driver/Src/stm32f4xx_hal_tim_ex.o
                0x000000000800196c                HAL_TIMEx_BreakCallback
 .text.HAL_UART_Init
                0x0000000008001980       0x9a Drivers/STM32F4xx_HAL_Driver/Src/stm32f4xx_hal_uart.o
                0x0000000008001980                HAL_UART_Init
 .text.HAL_UART_Transmit
                0x0000000008001a1a      0x130 Drivers/STM32F4xx_HAL_Driver/Src/stm32f4xx_hal_uart.o
                0x0000000008001a1a                HAL_UART_Transmit
 .text.HAL_UART_Receive
                0x0000000008001b4a      0x14c Drivers/STM32F4xx_HAL_Driver/Src/stm32f4xx_hal_uart.o
                0x0000000008001b4a                HAL_UART_Receive
 .text.UART_WaitOnFlagUntilTimeout
                0x0000000008001c96       0x94 Drivers/STM32F4xx_HAL_Driver/Src/stm32f4xx_hal_uart.o
 *fill*         0x0000000008001d2a        0x2 
 .text.UART_SetConfig
                0x0000000008001d2c      0x67c Drivers/STM32F4xx_HAL_Driver/Src/stm32f4xx_hal_uart.o
 .text.SVC_Setup
                0x00000000080023a8        0xe Middlewares/Third_Party/FreeRTOS/Source/CMSIS_RTOS_V2/cmsis_os2.o
 *fill*         0x00000000080023b6        0x2 
 .text.osKernelInitialize
                0x00000000080023b8       0x68 Middlewares/Third_Party/FreeRTOS/Source/CMSIS_RTOS_V2/cmsis_os2.o
                0x00000000080023b8                osKernelInitialize
 .text.osKernelStart
                0x0000000008002420       0x6c Middlewares/Third_Party/FreeRTOS/Source/CMSIS_RTOS_V2/cmsis_os2.o
                0x0000000008002420                osKernelStart
 .text.osThreadNew
                0x000000000800248c      0x14c Middlewares/Third_Party/FreeRTOS/Source/CMSIS_RTOS_V2/cmsis_os2.o
                0x000000000800248c                osThreadNew
 .text.osDelay  0x00000000080025d8       0x5c Middlewares/Third_Party/FreeRTOS/Source/CMSIS_RTOS_V2/cmsis_os2.o
                0x00000000080025d8                osDelay
 .text.osMessageQueueNew
                0x0000000008002634      0x10c Middlewares/Third_Party/FreeRTOS/Source/CMSIS_RTOS_V2/cmsis_os2.o
                0x0000000008002634                osMessageQueueNew
 .text.osMessageQueuePut
                0x0000000008002740       0xe8 Middlewares/Third_Party/FreeRTOS/Source/CMSIS_RTOS_V2/cmsis_os2.o
                0x0000000008002740                osMessageQueuePut
 .text.osMessageQueueGet
                0x0000000008002828       0xe4 Middlewares/Third_Party/FreeRTOS/Source/CMSIS_RTOS_V2/cmsis_os2.o
                0x0000000008002828                osMessageQueueGet
 .text.osMessageQueueGetCount
                0x000000000800290c       0x64 Middlewares/Third_Party/FreeRTOS/Source/CMSIS_RTOS_V2/cmsis_os2.o
                0x000000000800290c                osMessageQueueGetCount
 .text.vApplicationGetIdleTaskMemory
                0x0000000008002970       0x34 Middlewares/Third_Party/FreeRTOS/Source/CMSIS_RTOS_V2/cmsis_os2.o
                0x0000000008002970                vApplicationGetIdleTaskMemory
 .text.vApplicationGetTimerTaskMemory
                0x00000000080029a4       0x34 Middlewares/Third_Party/FreeRTOS/Source/CMSIS_RTOS_V2/cmsis_os2.o
                0x00000000080029a4                vApplicationGetTimerTaskMemory
 .text.vListInitialise
                0x00000000080029d8       0x40 Middlewares/Third_Party/FreeRTOS/Source/list.o
                0x00000000080029d8                vListInitialise
 .text.vListInitialiseItem
                0x0000000008002a18       0x1a Middlewares/Third_Party/FreeRTOS/Source/list.o
                0x0000000008002a18                vListInitialiseItem
 .text.vListInsertEnd
                0x0000000008002a32       0x48 Middlewares/Third_Party/FreeRTOS/Source/list.o
                0x0000000008002a32                vListInsertEnd
 .text.vListInsert
                0x0000000008002a7a       0x72 Middlewares/Third_Party/FreeRTOS/Source/list.o
                0x0000000008002a7a                vListInsert
 .text.uxListRemove
                0x0000000008002aec       0x54 Middlewares/Third_Party/FreeRTOS/Source/list.o
                0x0000000008002aec                uxListRemove
 .text.pxPortInitialiseStack
                0x0000000008002b40       0x68 Middlewares/Third_Party/FreeRTOS/Source/portable/GCC/ARM_CM4F/port.o
                0x0000000008002b40                pxPortInitialiseStack
 .text.prvTaskExitError
                0x0000000008002ba8       0x54 Middlewares/Third_Party/FreeRTOS/Source/portable/GCC/ARM_CM4F/port.o
 *fill*         0x0000000008002bfc        0x4 
 .text.SVC_Handler
                0x0000000008002c00       0x28 Middlewares/Third_Party/FreeRTOS/Source/portable/GCC/ARM_CM4F/port.o
                0x0000000008002c00                SVC_Handler
 .text.prvPortStartFirstTask
                0x0000000008002c28       0x28 Middlewares/Third_Party/FreeRTOS/Source/portable/GCC/ARM_CM4F/port.o
 .text.xPortStartScheduler
                0x0000000008002c50      0x13c Middlewares/Third_Party/FreeRTOS/Source/portable/GCC/ARM_CM4F/port.o
                0x0000000008002c50                xPortStartScheduler
 .text.vPortEnterCritical
                0x0000000008002d8c       0x5c Middlewares/Third_Party/FreeRTOS/Source/portable/GCC/ARM_CM4F/port.o
                0x0000000008002d8c                vPortEnterCritical
 .text.vPortExitCritical
                0x0000000008002de8       0x50 Middlewares/Third_Party/FreeRTOS/Source/portable/GCC/ARM_CM4F/port.o
                0x0000000008002de8                vPortExitCritical
 *fill*         0x0000000008002e38        0x8 
 .text.PendSV_Handler
                0x0000000008002e40       0x68 Middlewares/Third_Party/FreeRTOS/Source/portable/GCC/ARM_CM4F/port.o
                0x0000000008002e40                PendSV_Handler
 .text.SysTick_Handler
                0x0000000008002ea8       0x40 Middlewares/Third_Party/FreeRTOS/Source/portable/GCC/ARM_CM4F/port.o
                0x0000000008002ea8                SysTick_Handler
 .text.vPortSetupTimerInterrupt
                0x0000000008002ee8       0x48 Middlewares/Third_Party/FreeRTOS/Source/portable/GCC/ARM_CM4F/port.o
                0x0000000008002ee8                vPortSetupTimerInterrupt
 .text.vPortEnableVFP
                0x0000000008002f30       0x14 Middlewares/Third_Party/FreeRTOS/Source/portable/GCC/ARM_CM4F/port.o
 .text.vPortValidateInterruptPriority
                0x0000000008002f44       0x7c Middlewares/Third_Party/FreeRTOS/Source/portable/GCC/ARM_CM4F/port.o
                0x0000000008002f44                vPortValidateInterruptPriority
 .text.pvPortMalloc
                0x0000000008002fc0      0x184 Middlewares/Third_Party/FreeRTOS/Source/portable/MemMang/heap_4.o
                0x0000000008002fc0                pvPortMalloc
 .text.vPortFree
                0x0000000008003144       0xb0 Middlewares/Third_Party/FreeRTOS/Source/portable/MemMang/heap_4.o
                0x0000000008003144                vPortFree
 .text.prvHeapInit
                0x00000000080031f4       0xc4 Middlewares/Third_Party/FreeRTOS/Source/portable/MemMang/heap_4.o
 .text.prvInsertBlockIntoFreeList
                0x00000000080032b8       0xb4 Middlewares/Third_Party/FreeRTOS/Source/portable/MemMang/heap_4.o
 .text.xQueueGenericReset
                0x000000000800336c       0xd0 Middlewares/Third_Party/FreeRTOS/Source/queue.o
                0x000000000800336c                xQueueGenericReset
 .text.xQueueGenericCreateStatic
                0x000000000800343c       0xe6 Middlewares/Third_Party/FreeRTOS/Source/queue.o
                0x000000000800343c                xQueueGenericCreateStatic
 .text.xQueueGenericCreate
                0x0000000008003522       0x7e Middlewares/Third_Party/FreeRTOS/Source/queue.o
                0x0000000008003522                xQueueGenericCreate
 .text.prvInitialiseNewQueue
                0x00000000080035a0       0x46 Middlewares/Third_Party/FreeRTOS/Source/queue.o
 *fill*         0x00000000080035e6        0x2 
 .text.xQueueGenericSend
                0x00000000080035e8      0x1f4 Middlewares/Third_Party/FreeRTOS/Source/queue.o
                0x00000000080035e8                xQueueGenericSend
 .text.xQueueGenericSendFromISR
                0x00000000080037dc      0x128 Middlewares/Third_Party/FreeRTOS/Source/queue.o
                0x00000000080037dc                xQueueGenericSendFromISR
 .text.xQueueReceive
                0x0000000008003904      0x1b8 Middlewares/Third_Party/FreeRTOS/Source/queue.o
                0x0000000008003904                xQueueReceive
 .text.xQueueReceiveFromISR
                0x0000000008003abc       0xfa Middlewares/Third_Party/FreeRTOS/Source/queue.o
                0x0000000008003abc                xQueueReceiveFromISR
 .text.uxQueueMessagesWaiting
                0x0000000008003bb6       0x3a Middlewares/Third_Party/FreeRTOS/Source/queue.o
                0x0000000008003bb6                uxQueueMessagesWaiting
 .text.uxQueueMessagesWaitingFromISR
                0x0000000008003bf0       0x3a Middlewares/Third_Party/FreeRTOS/Source/queue.o
                0x0000000008003bf0                uxQueueMessagesWaitingFromISR
 .text.prvCopyDataToQueue
                0x0000000008003c2a       0xd4 Middlewares/Third_Party/FreeRTOS/Source/queue.o
 .text.prvCopyDataFromQueue
                0x0000000008003cfe       0x4c Middlewares/Third_Party/FreeRTOS/Source/queue.o
 .text.prvUnlockQueue
                0x0000000008003d4a       0xa4 Middlewares/Third_Party/FreeRTOS/Source/queue.o
 .text.prvIsQueueEmpty
                0x0000000008003dee       0x2c Middlewares/Third_Party/FreeRTOS/Source/queue.o
 .text.prvIsQueueFull
                0x0000000008003e1a       0x30 Middlewares/Third_Party/FreeRTOS/Source/queue.o
 *fill*         0x0000000008003e4a        0x2 
 .text.vQueueAddToRegistry
                0x0000000008003e4c       0x50 Middlewares/Third_Party/FreeRTOS/Source/queue.o
                0x0000000008003e4c                vQueueAddToRegistry
 .text.vQueueWaitForMessageRestricted
                0x0000000008003e9c       0x68 Middlewares/Third_Party/FreeRTOS/Source/queue.o
                0x0000000008003e9c                vQueueWaitForMessageRestricted
 .text.xTaskCreateStatic
                0x0000000008003f04       0xb4 Middlewares/Third_Party/FreeRTOS/Source/tasks.o
                0x0000000008003f04                xTaskCreateStatic
 .text.xTaskCreate
                0x0000000008003fb8       0x8a Middlewares/Third_Party/FreeRTOS/Source/tasks.o
                0x0000000008003fb8                xTaskCreate
 .text.prvInitialiseNewTask
                0x0000000008004042      0x11c Middlewares/Third_Party/FreeRTOS/Source/tasks.o
 *fill*         0x000000000800415e        0x2 
 .text.prvAddNewTaskToReadyList
                0x0000000008004160       0xe0 Middlewares/Third_Party/FreeRTOS/Source/tasks.o
 .text.vTaskDelay
                0x0000000008004240       0x68 Middlewares/Third_Party/FreeRTOS/Source/tasks.o
                0x0000000008004240                vTaskDelay
 .text.vTaskStartScheduler
                0x00000000080042a8       0xc8 Middlewares/Third_Party/FreeRTOS/Source/tasks.o
                0x00000000080042a8                vTaskStartScheduler
 .text.vTaskSuspendAll
                0x0000000008004370       0x1c Middlewares/Third_Party/FreeRTOS/Source/tasks.o
                0x0000000008004370                vTaskSuspendAll
 .text.xTaskResumeAll
                0x000000000800438c      0x138 Middlewares/Third_Party/FreeRTOS/Source/tasks.o
                0x000000000800438c                xTaskResumeAll
 .text.xTaskGetTickCount
                0x00000000080044c4       0x20 Middlewares/Third_Party/FreeRTOS/Source/tasks.o
                0x00000000080044c4                xTaskGetTickCount
 .text.xTaskIncrementTick
                0x00000000080044e4      0x170 Middlewares/Third_Party/FreeRTOS/Source/tasks.o
                0x00000000080044e4                xTaskIncrementTick
 .text.vTaskSwitchContext
                0x0000000008004654       0xb8 Middlewares/Third_Party/FreeRTOS/Source/tasks.o
                0x0000000008004654                vTaskSwitchContext
 .text.vTaskPlaceOnEventList
                0x000000000800470c       0x48 Middlewares/Third_Party/FreeRTOS/Source/tasks.o
                0x000000000800470c                vTaskPlaceOnEventList
 .text.vTaskPlaceOnEventListRestricted
                0x0000000008004754       0x54 Middlewares/Third_Party/FreeRTOS/Source/tasks.o
                0x0000000008004754                vTaskPlaceOnEventListRestricted
 .text.xTaskRemoveFromEventList
                0x00000000080047a8       0xc4 Middlewares/Third_Party/FreeRTOS/Source/tasks.o
                0x00000000080047a8                xTaskRemoveFromEventList
 .text.vTaskInternalSetTimeOutState
                0x000000000800486c       0x2c Middlewares/Third_Party/FreeRTOS/Source/tasks.o
                0x000000000800486c                vTaskInternalSetTimeOutState
 .text.xTaskCheckForTimeOut
                0x0000000008004898       0xc0 Middlewares/Third_Party/FreeRTOS/Source/tasks.o
                0x0000000008004898                xTaskCheckForTimeOut
 .text.vTaskMissedYield
                0x0000000008004958       0x18 Middlewares/Third_Party/FreeRTOS/Source/tasks.o
                0x0000000008004958                vTaskMissedYield
 .text.prvIdleTask
                0x0000000008004970       0x30 Middlewares/Third_Party/FreeRTOS/Source/tasks.o
 .text.prvInitialiseTaskLists
                0x00000000080049a0       0x80 Middlewares/Third_Party/FreeRTOS/Source/tasks.o
 .text.prvCheckTasksWaitingTermination
                0x0000000008004a20       0x58 Middlewares/Third_Party/FreeRTOS/Source/tasks.o
 .text.prvDeleteTCB
                0x0000000008004a78       0x5c Middlewares/Third_Party/FreeRTOS/Source/tasks.o
 .text.prvResetNextTaskUnblockTime
                0x0000000008004ad4       0x40 Middlewares/Third_Party/FreeRTOS/Source/tasks.o
 .text.xTaskGetSchedulerState
                0x0000000008004b14       0x3c Middlewares/Third_Party/FreeRTOS/Source/tasks.o
                0x0000000008004b14                xTaskGetSchedulerState
 .text.xTaskPriorityDisinherit
                0x0000000008004b50       0xd8 Middlewares/Third_Party/FreeRTOS/Source/tasks.o
                0x0000000008004b50                xTaskPriorityDisinherit
 .text.prvAddCurrentTaskToDelayedList
                0x0000000008004c28       0xa8 Middlewares/Third_Party/FreeRTOS/Source/tasks.o
 .text.xTimerCreateTimerTask
                0x0000000008004cd0       0x90 Middlewares/Third_Party/FreeRTOS/Source/timers.o
                0x0000000008004cd0                xTimerCreateTimerTask
 .text.xTimerGenericCommand
                0x0000000008004d60       0x98 Middlewares/Third_Party/FreeRTOS/Source/timers.o
                0x0000000008004d60                xTimerGenericCommand
 .text.prvProcessExpiredTimer
                0x0000000008004df8       0x98 Middlewares/Third_Party/FreeRTOS/Source/timers.o
 .text.prvTimerTask
                0x0000000008004e90       0x24 Middlewares/Third_Party/FreeRTOS/Source/timers.o
 .text.prvProcessTimerOrBlockTask
                0x0000000008004eb4       0x9c Middlewares/Third_Party/FreeRTOS/Source/timers.o
 .text.prvGetNextExpireTime
                0x0000000008004f50       0x48 Middlewares/Third_Party/FreeRTOS/Source/timers.o
 .text.prvSampleTimeNow
                0x0000000008004f98       0x40 Middlewares/Third_Party/FreeRTOS/Source/timers.o
 .text.prvInsertTimerInActiveList
                0x0000000008004fd8       0x84 Middlewares/Third_Party/FreeRTOS/Source/timers.o
 .text.prvProcessReceivedCommands
                0x000000000800505c      0x1b8 Middlewares/Third_Party/FreeRTOS/Source/timers.o
 .text.prvSwitchTimerLists
                0x0000000008005214       0xc8 Middlewares/Third_Party/FreeRTOS/Source/timers.o
 .text.prvCheckForValidListAndQueue
                0x00000000080052dc       0x80 Middlewares/Third_Party/FreeRTOS/Source/timers.o
 .text.main     0x000000000800535c       0xe8 Src/main.o
                0x000000000800535c                main
 .text.SystemClock_Config
                0x0000000008005444       0xd4 Src/main.o
                0x0000000008005444                SystemClock_Config
 .text.MX_NVIC_Init
                0x0000000008005518       0x28 Src/main.o
 .text.MX_DAC_Init
                0x0000000008005540       0x54 Src/main.o
 .text.MX_UART7_Init
                0x0000000008005594       0x54 Src/main.o
 .text.MX_USART3_UART_Init
                0x00000000080055e8       0x54 Src/main.o
 .text.MX_GPIO_Init
                0x000000000800563c      0x1c0 Src/main.o
 .text.HAL_GPIO_EXTI_Callback
                0x00000000080057fc       0x4c Src/main.o
                0x00000000080057fc                HAL_GPIO_EXTI_Callback
 .text.StartDefaultTask
                0x0000000008005848       0x70 Src/main.o
                0x0000000008005848                StartDefaultTask
 .text.StartTask02
                0x00000000080058b8       0x8c Src/main.o
                0x00000000080058b8                StartTask02
 .text.StartTask03
                0x0000000008005944      0x10e Src/main.o
                0x0000000008005944                StartTask03
 .text.assemble_couleur.9499
                0x0000000008005a52       0x38 Src/main.o
 *fill*         0x0000000008005a8a        0x2 
 .text.send_frame_with_int.9504
                0x0000000008005a8c       0xe8 Src/main.o
 .text.StartTask04
                0x0000000008005b74       0x10 Src/main.o
                0x0000000008005b74                StartTask04
 .text.HAL_TIM_PeriodElapsedCallback
                0x0000000008005b84       0x24 Src/main.o
                0x0000000008005b84                HAL_TIM_PeriodElapsedCallback
 .text.Error_Handler
                0x0000000008005ba8        0xe Src/main.o
                0x0000000008005ba8                Error_Handler
 *fill*         0x0000000008005bb6        0x2 
 .text.HAL_MspInit
                0x0000000008005bb8       0x58 Src/stm32f4xx_hal_msp.o
                0x0000000008005bb8                HAL_MspInit
 .text.HAL_DAC_MspInit
                0x0000000008005c10       0x88 Src/stm32f4xx_hal_msp.o
                0x0000000008005c10                HAL_DAC_MspInit
 .text.HAL_UART_MspInit
                0x0000000008005c98      0x100 Src/stm32f4xx_hal_msp.o
                0x0000000008005c98                HAL_UART_MspInit
 .text.HAL_InitTick
                0x0000000008005d98       0xb4 Src/stm32f4xx_hal_timebase_tim.o
                0x0000000008005d98                HAL_InitTick
 .text.NMI_Handler
                0x0000000008005e4c        0xe Src/stm32f4xx_it.o
                0x0000000008005e4c                NMI_Handler
 .text.HardFault_Handler
                0x0000000008005e5a        0x6 Src/stm32f4xx_it.o
                0x0000000008005e5a                HardFault_Handler
 .text.MemManage_Handler
                0x0000000008005e60        0x6 Src/stm32f4xx_it.o
                0x0000000008005e60                MemManage_Handler
 .text.BusFault_Handler
                0x0000000008005e66        0x6 Src/stm32f4xx_it.o
                0x0000000008005e66                BusFault_Handler
 .text.UsageFault_Handler
                0x0000000008005e6c        0x6 Src/stm32f4xx_it.o
                0x0000000008005e6c                UsageFault_Handler
 .text.DebugMon_Handler
                0x0000000008005e72        0xe Src/stm32f4xx_it.o
                0x0000000008005e72                DebugMon_Handler
 .text.EXTI4_IRQHandler
                0x0000000008005e80        0xe Src/stm32f4xx_it.o
                0x0000000008005e80                EXTI4_IRQHandler
 .text.EXTI9_5_IRQHandler
                0x0000000008005e8e       0x1a Src/stm32f4xx_it.o
                0x0000000008005e8e                EXTI9_5_IRQHandler
 .text.TIM1_UP_TIM10_IRQHandler
                0x0000000008005ea8       0x14 Src/stm32f4xx_it.o
                0x0000000008005ea8                TIM1_UP_TIM10_IRQHandler
 .text.SystemInit
                0x0000000008005ebc       0x2c Src/system_stm32f4xx.o
                0x0000000008005ebc                SystemInit
 .text.Reset_Handler
                0x0000000008005ee8       0x50 startup/startup_stm32f429xx.o
                0x0000000008005ee8                Reset_Handler
 .text.Default_Handler
                0x0000000008005f38        0x2 startup/startup_stm32f429xx.o
                0x0000000008005f38                RTC_Alarm_IRQHandler
                0x0000000008005f38                HASH_RNG_IRQHandler
                0x0000000008005f38                EXTI2_IRQHandler
                0x0000000008005f38                TIM8_CC_IRQHandler
                0x0000000008005f38                UART8_IRQHandler
                0x0000000008005f38                SPI4_IRQHandler
                0x0000000008005f38                TIM1_CC_IRQHandler
                0x0000000008005f38                DMA2_Stream5_IRQHandler
                0x0000000008005f38                DMA1_Stream5_IRQHandler
                0x0000000008005f38                PVD_IRQHandler
                0x0000000008005f38                SDIO_IRQHandler
                0x0000000008005f38                TAMP_STAMP_IRQHandler
                0x0000000008005f38                CAN2_RX1_IRQHandler
                0x0000000008005f38                EXTI3_IRQHandler
                0x0000000008005f38                TIM8_TRG_COM_TIM14_IRQHandler
                0x0000000008005f38                TIM8_UP_TIM13_IRQHandler
                0x0000000008005f38                I2C3_ER_IRQHandler
                0x0000000008005f38                EXTI0_IRQHandler
                0x0000000008005f38                I2C2_EV_IRQHandler
                0x0000000008005f38                DMA1_Stream2_IRQHandler
                0x0000000008005f38                CAN1_RX0_IRQHandler
                0x0000000008005f38                FPU_IRQHandler
                0x0000000008005f38                OTG_HS_WKUP_IRQHandler
                0x0000000008005f38                LTDC_ER_IRQHandler
                0x0000000008005f38                CAN2_SCE_IRQHandler
                0x0000000008005f38                DMA2_Stream2_IRQHandler
                0x0000000008005f38                SPI1_IRQHandler
                0x0000000008005f38                TIM6_DAC_IRQHandler
                0x0000000008005f38                TIM1_BRK_TIM9_IRQHandler
                0x0000000008005f38                DCMI_IRQHandler
                0x0000000008005f38                CAN2_RX0_IRQHandler
                0x0000000008005f38                DMA2_Stream3_IRQHandler
                0x0000000008005f38                USART6_IRQHandler
                0x0000000008005f38                USART3_IRQHandler
                0x0000000008005f38                CAN1_RX1_IRQHandler
                0x0000000008005f38                UART5_IRQHandler
                0x0000000008005f38                DMA2_Stream0_IRQHandler
                0x0000000008005f38                TIM4_IRQHandler
                0x0000000008005f38                I2C1_EV_IRQHandler
                0x0000000008005f38                DMA1_Stream6_IRQHandler
                0x0000000008005f38                DMA1_Stream1_IRQHandler
                0x0000000008005f38                UART4_IRQHandler
                0x0000000008005f38                TIM3_IRQHandler
                0x0000000008005f38                RCC_IRQHandler
                0x0000000008005f38                TIM8_BRK_TIM12_IRQHandler
                0x0000000008005f38                Default_Handler
                0x0000000008005f38                EXTI15_10_IRQHandler
                0x0000000008005f38                ADC_IRQHandler
                0x0000000008005f38                DMA1_Stream7_IRQHandler
                0x0000000008005f38                SPI5_IRQHandler
                0x0000000008005f38                TIM7_IRQHandler
                0x0000000008005f38                CAN2_TX_IRQHandler
                0x0000000008005f38                TIM5_IRQHandler
                0x0000000008005f38                DMA2_Stream7_IRQHandler
                0x0000000008005f38                I2C3_EV_IRQHandler
                0x0000000008005f38                RTC_WKUP_IRQHandler
                0x0000000008005f38                LTDC_IRQHandler
                0x0000000008005f38                ETH_WKUP_IRQHandler
                0x0000000008005f38                SPI2_IRQHandler
                0x0000000008005f38                OTG_HS_EP1_IN_IRQHandler
                0x0000000008005f38                DMA1_Stream0_IRQHandler
                0x0000000008005f38                CAN1_TX_IRQHandler
                0x0000000008005f38                ETH_IRQHandler
                0x0000000008005f38                OTG_HS_EP1_OUT_IRQHandler
                0x0000000008005f38                WWDG_IRQHandler
                0x0000000008005f38                SPI6_IRQHandler
                0x0000000008005f38                TIM2_IRQHandler
                0x0000000008005f38                OTG_FS_WKUP_IRQHandler
                0x0000000008005f38                TIM1_TRG_COM_TIM11_IRQHandler
                0x0000000008005f38                OTG_HS_IRQHandler
                0x0000000008005f38                DMA2D_IRQHandler
                0x0000000008005f38                EXTI1_IRQHandler
                0x0000000008005f38                UART7_IRQHandler
                0x0000000008005f38                USART2_IRQHandler
                0x0000000008005f38                I2C2_ER_IRQHandler
                0x0000000008005f38                DMA2_Stream1_IRQHandler
                0x0000000008005f38                CAN1_SCE_IRQHandler
                0x0000000008005f38                FLASH_IRQHandler
                0x0000000008005f38                DMA2_Stream4_IRQHandler
                0x0000000008005f38                USART1_IRQHandler
                0x0000000008005f38                OTG_FS_IRQHandler
                0x0000000008005f38                SPI3_IRQHandler
                0x0000000008005f38                DMA1_Stream4_IRQHandler
                0x0000000008005f38                I2C1_ER_IRQHandler
                0x0000000008005f38                FMC_IRQHandler
                0x0000000008005f38                DMA2_Stream6_IRQHandler
                0x0000000008005f38                SAI1_IRQHandler
                0x0000000008005f38                DMA1_Stream3_IRQHandler
 *fill*         0x0000000008005f3a        0x2 
 .text.__libc_init_array
                0x0000000008005f3c       0x48 /opt/Atollic_TrueSTUDIO_for_STM32_x86_64_9.3.0/ARMTools/bin/../lib/gcc/arm-atollic-eabi/6.3.1/../../../../arm-atollic-eabi/lib/armv7e-m/fpu/libc_nano.a(lib_a-init.o)
                0x0000000008005f3c                __libc_init_array
 .text.memcpy   0x0000000008005f84       0x16 /opt/Atollic_TrueSTUDIO_for_STM32_x86_64_9.3.0/ARMTools/bin/../lib/gcc/arm-atollic-eabi/6.3.1/../../../../arm-atollic-eabi/lib/armv7e-m/fpu/libc_nano.a(lib_a-memcpy-stub.o)
                0x0000000008005f84                memcpy
 .text.memset   0x0000000008005f9a       0x10 /opt/Atollic_TrueSTUDIO_for_STM32_x86_64_9.3.0/ARMTools/bin/../lib/gcc/arm-atollic-eabi/6.3.1/../../../../arm-atollic-eabi/lib/armv7e-m/fpu/libc_nano.a(lib_a-memset.o)
                0x0000000008005f9a                memset
 *(.glue_7)
 .glue_7        0x0000000008005faa        0x0 linker stubs
 *(.glue_7t)
 .glue_7t       0x0000000008005faa        0x0 linker stubs
 *(.eh_frame)
 *fill*         0x0000000008005faa        0x2 
 .eh_frame      0x0000000008005fac        0x0 /opt/Atollic_TrueSTUDIO_for_STM32_x86_64_9.3.0/ARMTools/bin/../lib/gcc/arm-atollic-eabi/6.3.1/armv7e-m/fpu/crtbegin.o
 *(.init)
 .init          0x0000000008005fac        0x4 /opt/Atollic_TrueSTUDIO_for_STM32_x86_64_9.3.0/ARMTools/bin/../lib/gcc/arm-atollic-eabi/6.3.1/armv7e-m/fpu/crti.o
                0x0000000008005fac                _init
 .init          0x0000000008005fb0        0x8 /opt/Atollic_TrueSTUDIO_for_STM32_x86_64_9.3.0/ARMTools/bin/../lib/gcc/arm-atollic-eabi/6.3.1/armv7e-m/fpu/crtn.o
 *(.fini)
 .fini          0x0000000008005fb8        0x4 /opt/Atollic_TrueSTUDIO_for_STM32_x86_64_9.3.0/ARMTools/bin/../lib/gcc/arm-atollic-eabi/6.3.1/armv7e-m/fpu/crti.o
                0x0000000008005fb8                _fini
 .fini          0x0000000008005fbc        0x8 /opt/Atollic_TrueSTUDIO_for_STM32_x86_64_9.3.0/ARMTools/bin/../lib/gcc/arm-atollic-eabi/6.3.1/armv7e-m/fpu/crtn.o
                0x0000000008005fc4                . = ALIGN (0x4)
                0x0000000008005fc4                _etext = .

.vfp11_veneer   0x0000000008005fc4        0x0
 .vfp11_veneer  0x0000000008005fc4        0x0 linker stubs

.v4_bx          0x0000000008005fc4        0x0
 .v4_bx         0x0000000008005fc4        0x0 linker stubs

.iplt           0x0000000008005fc4        0x0
 .iplt          0x0000000008005fc4        0x0 /opt/Atollic_TrueSTUDIO_for_STM32_x86_64_9.3.0/ARMTools/bin/../lib/gcc/arm-atollic-eabi/6.3.1/armv7e-m/fpu/crtbegin.o

.rodata         0x0000000008005fc4      0x144
                0x0000000008005fc4                . = ALIGN (0x4)
 *(.rodata)
 .rodata        0x0000000008005fc4        0x5 Middlewares/Third_Party/FreeRTOS/Source/tasks.o
 *fill*         0x0000000008005fc9        0x3 
 .rodata        0x0000000008005fcc        0xd Middlewares/Third_Party/FreeRTOS/Source/timers.o
 *fill*         0x0000000008005fd9        0x3 
 .rodata        0x0000000008005fdc       0x52 Src/main.o
 *(.rodata*)
 *fill*         0x000000000800602e        0x2 
 .rodata.defaultTask_attributes
                0x0000000008006030       0x24 Src/main.o
                0x0000000008006030                defaultTask_attributes
 .rodata.myTask02_attributes
                0x0000000008006054       0x24 Src/main.o
                0x0000000008006054                myTask02_attributes
 .rodata.myTask03_attributes
                0x0000000008006078       0x24 Src/main.o
                0x0000000008006078                myTask03_attributes
 .rodata.myTask04_attributes
                0x000000000800609c       0x24 Src/main.o
                0x000000000800609c                myTask04_attributes
 .rodata.UARTSend_attributes
                0x00000000080060c0       0x18 Src/main.o
                0x00000000080060c0                UARTSend_attributes
 .rodata.UARTReception_attributes
                0x00000000080060d8       0x18 Src/main.o
                0x00000000080060d8                UARTReception_attributes
 .rodata.AHBPrescTable
                0x00000000080060f0       0x10 Src/system_stm32f4xx.o
                0x00000000080060f0                AHBPrescTable
 .rodata.APBPrescTable
                0x0000000008006100        0x8 Src/system_stm32f4xx.o
                0x0000000008006100                APBPrescTable
                0x0000000008006108                . = ALIGN (0x4)

.ARM.extab
 *(.ARM.extab* .gnu.linkonce.armextab.*)

.ARM            0x0000000008006108        0x8
                0x0000000008006108                __exidx_start = .
 *(.ARM.exidx*)
 .ARM.exidx     0x0000000008006108        0x8 /opt/Atollic_TrueSTUDIO_for_STM32_x86_64_9.3.0/ARMTools/bin/../lib/gcc/arm-atollic-eabi/6.3.1/armv7e-m/fpu/libgcc.a(_udivmoddi4.o)
                0x0000000008006110                __exidx_end = .

.rel.dyn        0x0000000008006110        0x0
 .rel.iplt      0x0000000008006110        0x0 /opt/Atollic_TrueSTUDIO_for_STM32_x86_64_9.3.0/ARMTools/bin/../lib/gcc/arm-atollic-eabi/6.3.1/armv7e-m/fpu/crtbegin.o

.preinit_array  0x0000000008006110        0x0
                0x0000000008006110                PROVIDE (__preinit_array_start, .)
 *(.preinit_array*)
                0x0000000008006110                PROVIDE (__preinit_array_end, .)

.init_array     0x0000000008006110        0x4
                0x0000000008006110                PROVIDE (__init_array_start, .)
 *(SORT(.init_array.*))
 *(.init_array*)
 .init_array    0x0000000008006110        0x4 /opt/Atollic_TrueSTUDIO_for_STM32_x86_64_9.3.0/ARMTools/bin/../lib/gcc/arm-atollic-eabi/6.3.1/armv7e-m/fpu/crtbegin.o
                0x0000000008006114                PROVIDE (__init_array_end, .)

.fini_array     0x0000000008006114        0x4
                [!provide]                        PROVIDE (__fini_array_start, .)
 *(SORT(.fini_array.*))
 *(.fini_array*)
 .fini_array    0x0000000008006114        0x4 /opt/Atollic_TrueSTUDIO_for_STM32_x86_64_9.3.0/ARMTools/bin/../lib/gcc/arm-atollic-eabi/6.3.1/armv7e-m/fpu/crtbegin.o
                [!provide]                        PROVIDE (__fini_array_end, .)
                0x0000000008006118                _sidata = LOADADDR (.data)

.data           0x0000000020000000       0x10 load address 0x0000000008006118
                0x0000000020000000                . = ALIGN (0x4)
                0x0000000020000000                _sdata = .
 *(.data)
 *(.data*)
 .data.uwTickPrio
                0x0000000020000000        0x4 Drivers/STM32F4xx_HAL_Driver/Src/stm32f4xx_hal.o
                0x0000000020000000                uwTickPrio
 .data.uwTickFreq
                0x0000000020000004        0x1 Drivers/STM32F4xx_HAL_Driver/Src/stm32f4xx_hal.o
                0x0000000020000004                uwTickFreq
 *fill*         0x0000000020000005        0x3 
 .data.uxCriticalNesting
                0x0000000020000008        0x4 Middlewares/Third_Party/FreeRTOS/Source/portable/GCC/ARM_CM4F/port.o
 .data.SystemCoreClock
                0x000000002000000c        0x4 Src/system_stm32f4xx.o
                0x000000002000000c                SystemCoreClock
                0x0000000020000010                . = ALIGN (0x4)
                0x0000000020000010                _edata = .
                0x0000000008006128                _siccmram = LOADADDR (.ccmram)

.igot.plt       0x0000000020000010        0x0 load address 0x0000000008006128
 .igot.plt      0x0000000020000010        0x0 /opt/Atollic_TrueSTUDIO_for_STM32_x86_64_9.3.0/ARMTools/bin/../lib/gcc/arm-atollic-eabi/6.3.1/armv7e-m/fpu/crtbegin.o

.ccmram         0x0000000010000000        0x0 load address 0x0000000008006128
                0x0000000010000000                . = ALIGN (0x4)
                0x0000000010000000                _sccmram = .
 *(.ccmram)
 *(.ccmram*)
                0x0000000010000000                . = ALIGN (0x4)
                0x0000000010000000                _eccmram = .
                0x0000000010000000                . = ALIGN (0x4)

.bss            0x0000000020000010     0x4eb0
                0x0000000020000010                _sbss = .
                0x0000000020000010                __bss_start__ = _sbss
 *(.bss)
 .bss           0x0000000020000010       0x1c /opt/Atollic_TrueSTUDIO_for_STM32_x86_64_9.3.0/ARMTools/bin/../lib/gcc/arm-atollic-eabi/6.3.1/armv7e-m/fpu/crtbegin.o
 *(.bss*)
 .bss.KernelState
                0x000000002000002c        0x4 Middlewares/Third_Party/FreeRTOS/Source/CMSIS_RTOS_V2/cmsis_os2.o
 .bss.Idle_TCB  0x0000000020000030       0x5c Middlewares/Third_Party/FreeRTOS/Source/CMSIS_RTOS_V2/cmsis_os2.o
 .bss.Idle_Stack
                0x000000002000008c      0x200 Middlewares/Third_Party/FreeRTOS/Source/CMSIS_RTOS_V2/cmsis_os2.o
 .bss.Timer_TCB
                0x000000002000028c       0x5c Middlewares/Third_Party/FreeRTOS/Source/CMSIS_RTOS_V2/cmsis_os2.o
 .bss.Timer_Stack
                0x00000000200002e8      0x400 Middlewares/Third_Party/FreeRTOS/Source/CMSIS_RTOS_V2/cmsis_os2.o
 .bss.ucMaxSysCallPriority
                0x00000000200006e8        0x1 Middlewares/Third_Party/FreeRTOS/Source/portable/GCC/ARM_CM4F/port.o
 *fill*         0x00000000200006e9        0x3 
 .bss.ulMaxPRIGROUPValue
                0x00000000200006ec        0x4 Middlewares/Third_Party/FreeRTOS/Source/portable/GCC/ARM_CM4F/port.o
 .bss.ucHeap    0x00000000200006f0     0x3c00 Middlewares/Third_Party/FreeRTOS/Source/portable/MemMang/heap_4.o
 .bss.xStart    0x00000000200042f0        0x8 Middlewares/Third_Party/FreeRTOS/Source/portable/MemMang/heap_4.o
 .bss.pxEnd     0x00000000200042f8        0x4 Middlewares/Third_Party/FreeRTOS/Source/portable/MemMang/heap_4.o
 .bss.xFreeBytesRemaining
                0x00000000200042fc        0x4 Middlewares/Third_Party/FreeRTOS/Source/portable/MemMang/heap_4.o
 .bss.xMinimumEverFreeBytesRemaining
                0x0000000020004300        0x4 Middlewares/Third_Party/FreeRTOS/Source/portable/MemMang/heap_4.o
 .bss.xBlockAllocatedBit
                0x0000000020004304        0x4 Middlewares/Third_Party/FreeRTOS/Source/portable/MemMang/heap_4.o
 .bss.pxCurrentTCB
                0x0000000020004308        0x4 Middlewares/Third_Party/FreeRTOS/Source/tasks.o
                0x0000000020004308                pxCurrentTCB
 .bss.pxReadyTasksLists
                0x000000002000430c      0x460 Middlewares/Third_Party/FreeRTOS/Source/tasks.o
 .bss.xDelayedTaskList1
                0x000000002000476c       0x14 Middlewares/Third_Party/FreeRTOS/Source/tasks.o
 .bss.xDelayedTaskList2
                0x0000000020004780       0x14 Middlewares/Third_Party/FreeRTOS/Source/tasks.o
 .bss.pxDelayedTaskList
                0x0000000020004794        0x4 Middlewares/Third_Party/FreeRTOS/Source/tasks.o
 .bss.pxOverflowDelayedTaskList
                0x0000000020004798        0x4 Middlewares/Third_Party/FreeRTOS/Source/tasks.o
 .bss.xPendingReadyList
                0x000000002000479c       0x14 Middlewares/Third_Party/FreeRTOS/Source/tasks.o
 .bss.xTasksWaitingTermination
                0x00000000200047b0       0x14 Middlewares/Third_Party/FreeRTOS/Source/tasks.o
 .bss.uxDeletedTasksWaitingCleanUp
                0x00000000200047c4        0x4 Middlewares/Third_Party/FreeRTOS/Source/tasks.o
 .bss.xSuspendedTaskList
                0x00000000200047c8       0x14 Middlewares/Third_Party/FreeRTOS/Source/tasks.o
 .bss.uxCurrentNumberOfTasks
                0x00000000200047dc        0x4 Middlewares/Third_Party/FreeRTOS/Source/tasks.o
 .bss.xTickCount
                0x00000000200047e0        0x4 Middlewares/Third_Party/FreeRTOS/Source/tasks.o
 .bss.uxTopReadyPriority
                0x00000000200047e4        0x4 Middlewares/Third_Party/FreeRTOS/Source/tasks.o
 .bss.xSchedulerRunning
                0x00000000200047e8        0x4 Middlewares/Third_Party/FreeRTOS/Source/tasks.o
 .bss.uxPendedTicks
                0x00000000200047ec        0x4 Middlewares/Third_Party/FreeRTOS/Source/tasks.o
 .bss.xYieldPending
                0x00000000200047f0        0x4 Middlewares/Third_Party/FreeRTOS/Source/tasks.o
 .bss.xNumOfOverflows
                0x00000000200047f4        0x4 Middlewares/Third_Party/FreeRTOS/Source/tasks.o
 .bss.uxTaskNumber
                0x00000000200047f8        0x4 Middlewares/Third_Party/FreeRTOS/Source/tasks.o
 .bss.xNextTaskUnblockTime
                0x00000000200047fc        0x4 Middlewares/Third_Party/FreeRTOS/Source/tasks.o
 .bss.xIdleTaskHandle
                0x0000000020004800        0x4 Middlewares/Third_Party/FreeRTOS/Source/tasks.o
 .bss.uxSchedulerSuspended
                0x0000000020004804        0x4 Middlewares/Third_Party/FreeRTOS/Source/tasks.o
 .bss.xActiveTimerList1
                0x0000000020004808       0x14 Middlewares/Third_Party/FreeRTOS/Source/timers.o
 .bss.xActiveTimerList2
                0x000000002000481c       0x14 Middlewares/Third_Party/FreeRTOS/Source/timers.o
 .bss.pxCurrentTimerList
                0x0000000020004830        0x4 Middlewares/Third_Party/FreeRTOS/Source/timers.o
 .bss.pxOverflowTimerList
                0x0000000020004834        0x4 Middlewares/Third_Party/FreeRTOS/Source/timers.o
 .bss.xTimerQueue
                0x0000000020004838        0x4 Middlewares/Third_Party/FreeRTOS/Source/timers.o
 .bss.xTimerTaskHandle
                0x000000002000483c        0x4 Middlewares/Third_Party/FreeRTOS/Source/timers.o
 .bss.xLastTime.6599
                0x0000000020004840        0x4 Middlewares/Third_Party/FreeRTOS/Source/timers.o
 .bss.ucStaticTimerQueueStorage.6650
                0x0000000020004844       0xa0 Middlewares/Third_Party/FreeRTOS/Source/timers.o
 .bss.xStaticTimerQueue.6649
                0x00000000200048e4       0x50 Middlewares/Third_Party/FreeRTOS/Source/timers.o
 *(COMMON)
 COMMON         0x0000000020004934        0x4 Drivers/STM32F4xx_HAL_Driver/Src/stm32f4xx_hal.o
                0x0000000020004934                uwTick
 COMMON         0x0000000020004938       0x40 Middlewares/Third_Party/FreeRTOS/Source/queue.o
                0x0000000020004938                xQueueRegistry
 COMMON         0x0000000020004978      0x508 Src/main.o
                0x0000000020004978                defaultTaskHandle
                0x000000002000497c                huart7
                0x00000000200049bc                huart3
                0x00000000200049fc                hpcd_USB_OTG_FS
                0x0000000020004e04                UARTReceptionHandle
                0x0000000020004e08                UARTSendHandle
                0x0000000020004e0c                myTask04Handle
                0x0000000020004e10                down_arrow
                0x0000000020004e14                hdac
                0x0000000020004e28                myTask02Handle
                0x0000000020004e2c                myTask03Handle
                0x0000000020004e30                left_arrow
                0x0000000020004e34                right_arrow
                0x0000000020004e38                heth
 COMMON         0x0000000020004e80       0x40 Src/stm32f4xx_hal_timebase_tim.o
                0x0000000020004e80                htim1
                0x0000000020004ec0                . = ALIGN (0x4)
                0x0000000020004ec0                _ebss = .
                0x0000000020004ec0                __bss_end__ = _ebss

._user_heap_stack
                0x0000000020004ec0      0x600
                0x0000000020004ec0                . = ALIGN (0x4)
                0x0000000020004ec0                PROVIDE (end, .)
                [!provide]                        PROVIDE (_end, .)
                0x00000000200050c0                . = (. + _Min_Heap_Size)
 *fill*         0x0000000020004ec0      0x200 
                0x00000000200054c0                . = (. + _Min_Stack_Size)
 *fill*         0x00000000200050c0      0x400 
                0x00000000200054c0                . = ALIGN (0x4)

/DISCARD/
 libc.a(*)
 libm.a(*)
 libgcc.a(*)

.ARM.attributes
                0x0000000000000000       0x30
 *(.ARM.attributes)
 .ARM.attributes
                0x0000000000000000       0x22 /opt/Atollic_TrueSTUDIO_for_STM32_x86_64_9.3.0/ARMTools/bin/../lib/gcc/arm-atollic-eabi/6.3.1/armv7e-m/fpu/crti.o
 .ARM.attributes
                0x0000000000000022       0x34 /opt/Atollic_TrueSTUDIO_for_STM32_x86_64_9.3.0/ARMTools/bin/../lib/gcc/arm-atollic-eabi/6.3.1/armv7e-m/fpu/crtbegin.o
 .ARM.attributes
                0x0000000000000056       0x39 Drivers/STM32F4xx_HAL_Driver/Src/stm32f4xx_hal.o
 .ARM.attributes
                0x000000000000008f       0x39 Drivers/STM32F4xx_HAL_Driver/Src/stm32f4xx_hal_cortex.o
 .ARM.attributes
                0x00000000000000c8       0x39 Drivers/STM32F4xx_HAL_Driver/Src/stm32f4xx_hal_dac.o
 .ARM.attributes
                0x0000000000000101       0x39 Drivers/STM32F4xx_HAL_Driver/Src/stm32f4xx_hal_gpio.o
 .ARM.attributes
                0x000000000000013a       0x39 Drivers/STM32F4xx_HAL_Driver/Src/stm32f4xx_hal_rcc.o
 .ARM.attributes
                0x0000000000000173       0x39 Drivers/STM32F4xx_HAL_Driver/Src/stm32f4xx_hal_tim.o
 .ARM.attributes
                0x00000000000001ac       0x39 Drivers/STM32F4xx_HAL_Driver/Src/stm32f4xx_hal_tim_ex.o
 .ARM.attributes
                0x00000000000001e5       0x39 Drivers/STM32F4xx_HAL_Driver/Src/stm32f4xx_hal_uart.o
 .ARM.attributes
                0x000000000000021e       0x39 Middlewares/Third_Party/FreeRTOS/Source/CMSIS_RTOS_V2/cmsis_os2.o
 .ARM.attributes
                0x0000000000000257       0x39 Middlewares/Third_Party/FreeRTOS/Source/list.o
 .ARM.attributes
                0x0000000000000290       0x39 Middlewares/Third_Party/FreeRTOS/Source/portable/GCC/ARM_CM4F/port.o
 .ARM.attributes
                0x00000000000002c9       0x39 Middlewares/Third_Party/FreeRTOS/Source/portable/MemMang/heap_4.o
 .ARM.attributes
                0x0000000000000302       0x39 Middlewares/Third_Party/FreeRTOS/Source/queue.o
 .ARM.attributes
                0x000000000000033b       0x39 Middlewares/Third_Party/FreeRTOS/Source/tasks.o
 .ARM.attributes
                0x0000000000000374       0x39 Middlewares/Third_Party/FreeRTOS/Source/timers.o
 .ARM.attributes
                0x00000000000003ad       0x39 Src/main.o
 .ARM.attributes
                0x00000000000003e6       0x39 Src/stm32f4xx_hal_msp.o
 .ARM.attributes
                0x000000000000041f       0x39 Src/stm32f4xx_hal_timebase_tim.o
 .ARM.attributes
                0x0000000000000458       0x39 Src/stm32f4xx_it.o
 .ARM.attributes
                0x0000000000000491       0x39 Src/system_stm32f4xx.o
 .ARM.attributes
                0x00000000000004ca       0x21 startup/startup_stm32f429xx.o
 .ARM.attributes
                0x00000000000004eb       0x34 /opt/Atollic_TrueSTUDIO_for_STM32_x86_64_9.3.0/ARMTools/bin/../lib/gcc/arm-atollic-eabi/6.3.1/../../../../arm-atollic-eabi/lib/armv7e-m/fpu/libc_nano.a(lib_a-init.o)
 .ARM.attributes
                0x000000000000051f       0x34 /opt/Atollic_TrueSTUDIO_for_STM32_x86_64_9.3.0/ARMTools/bin/../lib/gcc/arm-atollic-eabi/6.3.1/../../../../arm-atollic-eabi/lib/armv7e-m/fpu/libc_nano.a(lib_a-memcpy-stub.o)
 .ARM.attributes
                0x0000000000000553       0x34 /opt/Atollic_TrueSTUDIO_for_STM32_x86_64_9.3.0/ARMTools/bin/../lib/gcc/arm-atollic-eabi/6.3.1/../../../../arm-atollic-eabi/lib/armv7e-m/fpu/libc_nano.a(lib_a-memset.o)
 .ARM.attributes
                0x0000000000000587       0x22 /opt/Atollic_TrueSTUDIO_for_STM32_x86_64_9.3.0/ARMTools/bin/../lib/gcc/arm-atollic-eabi/6.3.1/armv7e-m/fpu/libgcc.a(_aeabi_uldivmod.o)
 .ARM.attributes
                0x00000000000005a9       0x34 /opt/Atollic_TrueSTUDIO_for_STM32_x86_64_9.3.0/ARMTools/bin/../lib/gcc/arm-atollic-eabi/6.3.1/armv7e-m/fpu/libgcc.a(_udivmoddi4.o)
 .ARM.attributes
                0x00000000000005dd       0x22 /opt/Atollic_TrueSTUDIO_for_STM32_x86_64_9.3.0/ARMTools/bin/../lib/gcc/arm-atollic-eabi/6.3.1/armv7e-m/fpu/libgcc.a(_dvmd_tls.o)
 .ARM.attributes
                0x00000000000005ff       0x22 /opt/Atollic_TrueSTUDIO_for_STM32_x86_64_9.3.0/ARMTools/bin/../lib/gcc/arm-atollic-eabi/6.3.1/armv7e-m/fpu/crtn.o
OUTPUT(embarque_drivers.elf elf32-littlearm)

.debug_info     0x0000000000000000    0x19581
 .debug_info    0x0000000000000000      0x9b8 Drivers/STM32F4xx_HAL_Driver/Src/stm32f4xx_hal.o
 .debug_info    0x00000000000009b8      0xe5e Drivers/STM32F4xx_HAL_Driver/Src/stm32f4xx_hal_cortex.o
 .debug_info    0x0000000000001816      0xa38 Drivers/STM32F4xx_HAL_Driver/Src/stm32f4xx_hal_dac.o
 .debug_info    0x000000000000224e      0x7ce Drivers/STM32F4xx_HAL_Driver/Src/stm32f4xx_hal_gpio.o
 .debug_info    0x0000000000002a1c      0x91d Drivers/STM32F4xx_HAL_Driver/Src/stm32f4xx_hal_rcc.o
 .debug_info    0x0000000000003339     0x24a4 Drivers/STM32F4xx_HAL_Driver/Src/stm32f4xx_hal_tim.o
 .debug_info    0x00000000000057dd     0x1153 Drivers/STM32F4xx_HAL_Driver/Src/stm32f4xx_hal_tim_ex.o
 .debug_info    0x0000000000006930     0x1249 Drivers/STM32F4xx_HAL_Driver/Src/stm32f4xx_hal_uart.o
 .debug_info    0x0000000000007b79     0x401b Middlewares/Third_Party/FreeRTOS/Source/CMSIS_RTOS_V2/cmsis_os2.o
 .debug_info    0x000000000000bb94      0xace Middlewares/Third_Party/FreeRTOS/Source/list.o
 .debug_info    0x000000000000c662      0x536 Middlewares/Third_Party/FreeRTOS/Source/portable/GCC/ARM_CM4F/port.o
 .debug_info    0x000000000000cb98      0xbed Middlewares/Third_Party/FreeRTOS/Source/portable/MemMang/heap_4.o
 .debug_info    0x000000000000d785     0x239f Middlewares/Third_Party/FreeRTOS/Source/queue.o
 .debug_info    0x000000000000fb24     0x29c6 Middlewares/Third_Party/FreeRTOS/Source/tasks.o
 .debug_info    0x00000000000124ea     0x1abd Middlewares/Third_Party/FreeRTOS/Source/timers.o
 .debug_info    0x0000000000013fa7     0x2394 Src/main.o
 .debug_info    0x000000000001633b     0x19eb Src/stm32f4xx_hal_msp.o
 .debug_info    0x0000000000017d26      0xb79 Src/stm32f4xx_hal_timebase_tim.o
 .debug_info    0x000000000001889f      0x6f5 Src/stm32f4xx_it.o
 .debug_info    0x0000000000018f94      0x570 Src/system_stm32f4xx.o
 .debug_info    0x0000000000019504       0x7d startup/startup_stm32f429xx.o

.debug_abbrev   0x0000000000000000     0x2db1
 .debug_abbrev  0x0000000000000000      0x1c2 Drivers/STM32F4xx_HAL_Driver/Src/stm32f4xx_hal.o
 .debug_abbrev  0x00000000000001c2      0x2f5 Drivers/STM32F4xx_HAL_Driver/Src/stm32f4xx_hal_cortex.o
 .debug_abbrev  0x00000000000004b7      0x1df Drivers/STM32F4xx_HAL_Driver/Src/stm32f4xx_hal_dac.o
 .debug_abbrev  0x0000000000000696      0x1c4 Drivers/STM32F4xx_HAL_Driver/Src/stm32f4xx_hal_gpio.o
 .debug_abbrev  0x000000000000085a      0x240 Drivers/STM32F4xx_HAL_Driver/Src/stm32f4xx_hal_rcc.o
 .debug_abbrev  0x0000000000000a9a      0x229 Drivers/STM32F4xx_HAL_Driver/Src/stm32f4xx_hal_tim.o
 .debug_abbrev  0x0000000000000cc3      0x217 Drivers/STM32F4xx_HAL_Driver/Src/stm32f4xx_hal_tim_ex.o
 .debug_abbrev  0x0000000000000eda      0x23d Drivers/STM32F4xx_HAL_Driver/Src/stm32f4xx_hal_uart.o
 .debug_abbrev  0x0000000000001117      0x3be Middlewares/Third_Party/FreeRTOS/Source/CMSIS_RTOS_V2/cmsis_os2.o
 .debug_abbrev  0x00000000000014d5      0x1cc Middlewares/Third_Party/FreeRTOS/Source/list.o
 .debug_abbrev  0x00000000000016a1      0x20d Middlewares/Third_Party/FreeRTOS/Source/portable/GCC/ARM_CM4F/port.o
 .debug_abbrev  0x00000000000018ae      0x29b Middlewares/Third_Party/FreeRTOS/Source/portable/MemMang/heap_4.o
 .debug_abbrev  0x0000000000001b49      0x333 Middlewares/Third_Party/FreeRTOS/Source/queue.o
 .debug_abbrev  0x0000000000001e7c      0x34b Middlewares/Third_Party/FreeRTOS/Source/tasks.o
 .debug_abbrev  0x00000000000021c7      0x2d4 Middlewares/Third_Party/FreeRTOS/Source/timers.o
 .debug_abbrev  0x000000000000249b      0x2dd Src/main.o
 .debug_abbrev  0x0000000000002778      0x218 Src/stm32f4xx_hal_msp.o
 .debug_abbrev  0x0000000000002990      0x196 Src/stm32f4xx_hal_timebase_tim.o
 .debug_abbrev  0x0000000000002b26      0x153 Src/stm32f4xx_it.o
 .debug_abbrev  0x0000000000002c79      0x126 Src/system_stm32f4xx.o
 .debug_abbrev  0x0000000000002d9f       0x12 startup/startup_stm32f429xx.o

.debug_aranges  0x0000000000000000     0x13d8
 .debug_aranges
                0x0000000000000000      0x100 Drivers/STM32F4xx_HAL_Driver/Src/stm32f4xx_hal.o
 .debug_aranges
                0x0000000000000100      0x118 Drivers/STM32F4xx_HAL_Driver/Src/stm32f4xx_hal_cortex.o
 .debug_aranges
                0x0000000000000218       0xc0 Drivers/STM32F4xx_HAL_Driver/Src/stm32f4xx_hal_dac.o
 .debug_aranges
                0x00000000000002d8       0x58 Drivers/STM32F4xx_HAL_Driver/Src/stm32f4xx_hal_gpio.o
 .debug_aranges
                0x0000000000000330       0x88 Drivers/STM32F4xx_HAL_Driver/Src/stm32f4xx_hal_rcc.o
 .debug_aranges
                0x00000000000003b8      0x3a8 Drivers/STM32F4xx_HAL_Driver/Src/stm32f4xx_hal_tim.o
 .debug_aranges
                0x0000000000000760      0x150 Drivers/STM32F4xx_HAL_Driver/Src/stm32f4xx_hal_tim_ex.o
 .debug_aranges
                0x00000000000008b0      0x1d0 Drivers/STM32F4xx_HAL_Driver/Src/stm32f4xx_hal_uart.o
 .debug_aranges
                0x0000000000000a80      0x228 Middlewares/Third_Party/FreeRTOS/Source/CMSIS_RTOS_V2/cmsis_os2.o
 .debug_aranges
                0x0000000000000ca8       0x40 Middlewares/Third_Party/FreeRTOS/Source/list.o
 .debug_aranges
                0x0000000000000ce8       0x80 Middlewares/Third_Party/FreeRTOS/Source/portable/GCC/ARM_CM4F/port.o
 .debug_aranges
                0x0000000000000d68       0x50 Middlewares/Third_Party/FreeRTOS/Source/portable/MemMang/heap_4.o
 .debug_aranges
                0x0000000000000db8      0x158 Middlewares/Third_Party/FreeRTOS/Source/queue.o
 .debug_aranges
                0x0000000000000f10      0x1f8 Middlewares/Third_Party/FreeRTOS/Source/tasks.o
 .debug_aranges
                0x0000000000001108       0xe8 Middlewares/Third_Party/FreeRTOS/Source/timers.o
 .debug_aranges
                0x00000000000011f0       0xa8 Src/main.o
 .debug_aranges
                0x0000000000001298       0x60 Src/stm32f4xx_hal_msp.o
 .debug_aranges
                0x00000000000012f8       0x30 Src/stm32f4xx_hal_timebase_tim.o
 .debug_aranges
                0x0000000000001328       0x60 Src/stm32f4xx_it.o
 .debug_aranges
                0x0000000000001388       0x28 Src/system_stm32f4xx.o
 .debug_aranges
                0x00000000000013b0       0x28 startup/startup_stm32f429xx.o

.debug_ranges   0x0000000000000000     0x1290
 .debug_ranges  0x0000000000000000       0xf0 Drivers/STM32F4xx_HAL_Driver/Src/stm32f4xx_hal.o
 .debug_ranges  0x00000000000000f0      0x108 Drivers/STM32F4xx_HAL_Driver/Src/stm32f4xx_hal_cortex.o
 .debug_ranges  0x00000000000001f8       0xb0 Drivers/STM32F4xx_HAL_Driver/Src/stm32f4xx_hal_dac.o
 .debug_ranges  0x00000000000002a8       0x48 Drivers/STM32F4xx_HAL_Driver/Src/stm32f4xx_hal_gpio.o
 .debug_ranges  0x00000000000002f0       0x78 Drivers/STM32F4xx_HAL_Driver/Src/stm32f4xx_hal_rcc.o
 .debug_ranges  0x0000000000000368      0x398 Drivers/STM32F4xx_HAL_Driver/Src/stm32f4xx_hal_tim.o
 .debug_ranges  0x0000000000000700      0x140 Drivers/STM32F4xx_HAL_Driver/Src/stm32f4xx_hal_tim_ex.o
 .debug_ranges  0x0000000000000840      0x1c0 Drivers/STM32F4xx_HAL_Driver/Src/stm32f4xx_hal_uart.o
 .debug_ranges  0x0000000000000a00      0x218 Middlewares/Third_Party/FreeRTOS/Source/CMSIS_RTOS_V2/cmsis_os2.o
 .debug_ranges  0x0000000000000c18       0x30 Middlewares/Third_Party/FreeRTOS/Source/list.o
 .debug_ranges  0x0000000000000c48       0x70 Middlewares/Third_Party/FreeRTOS/Source/portable/GCC/ARM_CM4F/port.o
 .debug_ranges  0x0000000000000cb8       0x40 Middlewares/Third_Party/FreeRTOS/Source/portable/MemMang/heap_4.o
 .debug_ranges  0x0000000000000cf8      0x148 Middlewares/Third_Party/FreeRTOS/Source/queue.o
 .debug_ranges  0x0000000000000e40      0x1e8 Middlewares/Third_Party/FreeRTOS/Source/tasks.o
 .debug_ranges  0x0000000000001028       0xd8 Middlewares/Third_Party/FreeRTOS/Source/timers.o
 .debug_ranges  0x0000000000001100       0x98 Src/main.o
 .debug_ranges  0x0000000000001198       0x50 Src/stm32f4xx_hal_msp.o
 .debug_ranges  0x00000000000011e8       0x20 Src/stm32f4xx_hal_timebase_tim.o
 .debug_ranges  0x0000000000001208       0x50 Src/stm32f4xx_it.o
 .debug_ranges  0x0000000000001258       0x18 Src/system_stm32f4xx.o
 .debug_ranges  0x0000000000001270       0x20 startup/startup_stm32f429xx.o

.debug_line     0x0000000000000000     0x9a7f
 .debug_line    0x0000000000000000      0x42d Drivers/STM32F4xx_HAL_Driver/Src/stm32f4xx_hal.o
 .debug_line    0x000000000000042d      0x53d Drivers/STM32F4xx_HAL_Driver/Src/stm32f4xx_hal_cortex.o
 .debug_line    0x000000000000096a      0x47b Drivers/STM32F4xx_HAL_Driver/Src/stm32f4xx_hal_dac.o
 .debug_line    0x0000000000000de5      0x428 Drivers/STM32F4xx_HAL_Driver/Src/stm32f4xx_hal_gpio.o
 .debug_line    0x000000000000120d      0x4aa Drivers/STM32F4xx_HAL_Driver/Src/stm32f4xx_hal_rcc.o
 .debug_line    0x00000000000016b7     0x14b0 Drivers/STM32F4xx_HAL_Driver/Src/stm32f4xx_hal_tim.o
 .debug_line    0x0000000000002b67      0x867 Drivers/STM32F4xx_HAL_Driver/Src/stm32f4xx_hal_tim_ex.o
 .debug_line    0x00000000000033ce      0xb46 Drivers/STM32F4xx_HAL_Driver/Src/stm32f4xx_hal_uart.o
 .debug_line    0x0000000000003f14     0x1a7d Middlewares/Third_Party/FreeRTOS/Source/CMSIS_RTOS_V2/cmsis_os2.o
 .debug_line    0x0000000000005991      0x336 Middlewares/Third_Party/FreeRTOS/Source/list.o
 .debug_line    0x0000000000005cc7      0x3c4 Middlewares/Third_Party/FreeRTOS/Source/portable/GCC/ARM_CM4F/port.o
 .debug_line    0x000000000000608b      0x3d5 Middlewares/Third_Party/FreeRTOS/Source/portable/MemMang/heap_4.o
 .debug_line    0x0000000000006460      0xda7 Middlewares/Third_Party/FreeRTOS/Source/queue.o
 .debug_line    0x0000000000007207     0x109f Middlewares/Third_Party/FreeRTOS/Source/tasks.o
 .debug_line    0x00000000000082a6      0x765 Middlewares/Third_Party/FreeRTOS/Source/timers.o
 .debug_line    0x0000000000008a0b      0x571 Src/main.o
 .debug_line    0x0000000000008f7c      0x37e Src/stm32f4xx_hal_msp.o
 .debug_line    0x00000000000092fa      0x269 Src/stm32f4xx_hal_timebase_tim.o
 .debug_line    0x0000000000009563      0x2aa Src/stm32f4xx_it.o
 .debug_line    0x000000000000980d      0x1f4 Src/system_stm32f4xx.o
 .debug_line    0x0000000000009a01       0x7e startup/startup_stm32f429xx.o

.debug_str      0x0000000000000000     0x75a3
 .debug_str     0x0000000000000000      0xbcb Drivers/STM32F4xx_HAL_Driver/Src/stm32f4xx_hal.o
                                        0xc34 (size before relaxing)
 .debug_str     0x0000000000000bcb      0x4e1 Drivers/STM32F4xx_HAL_Driver/Src/stm32f4xx_hal_cortex.o
                                        0xd6a (size before relaxing)
 .debug_str     0x00000000000010ac      0x557 Drivers/STM32F4xx_HAL_Driver/Src/stm32f4xx_hal_dac.o
                                        0x86e (size before relaxing)
 .debug_str     0x0000000000001603      0x1d7 Drivers/STM32F4xx_HAL_Driver/Src/stm32f4xx_hal_gpio.o
                                        0x5df (size before relaxing)
 .debug_str     0x00000000000017da      0x2f4 Drivers/STM32F4xx_HAL_Driver/Src/stm32f4xx_hal_rcc.o
                                        0x796 (size before relaxing)
 .debug_str     0x0000000000001ace      0xfb0 Drivers/STM32F4xx_HAL_Driver/Src/stm32f4xx_hal_tim.o
                                       0x1556 (size before relaxing)
 .debug_str     0x0000000000002a7e      0x579 Drivers/STM32F4xx_HAL_Driver/Src/stm32f4xx_hal_tim_ex.o
                                        0xd56 (size before relaxing)
 .debug_str     0x0000000000002ff7      0x6dd Drivers/STM32F4xx_HAL_Driver/Src/stm32f4xx_hal_uart.o
                                        0xc96 (size before relaxing)
 .debug_str     0x00000000000036d4     0x15d3 Middlewares/Third_Party/FreeRTOS/Source/CMSIS_RTOS_V2/cmsis_os2.o
                                       0x1893 (size before relaxing)
 .debug_str     0x0000000000004ca7      0x143 Middlewares/Third_Party/FreeRTOS/Source/list.o
                                        0x758 (size before relaxing)
 .debug_str     0x0000000000004dea      0x23c Middlewares/Third_Party/FreeRTOS/Source/portable/GCC/ARM_CM4F/port.o
                                        0x478 (size before relaxing)
 .debug_str     0x0000000000005026      0x1ff Middlewares/Third_Party/FreeRTOS/Source/portable/MemMang/heap_4.o
                                        0x822 (size before relaxing)
 .debug_str     0x0000000000005225      0x6f2 Middlewares/Third_Party/FreeRTOS/Source/queue.o
                                        0xf80 (size before relaxing)
 .debug_str     0x0000000000005917      0xb62 Middlewares/Third_Party/FreeRTOS/Source/tasks.o
                                       0x15da (size before relaxing)
 .debug_str     0x0000000000006479      0x556 Middlewares/Third_Party/FreeRTOS/Source/timers.o
                                        0xf08 (size before relaxing)
 .debug_str     0x00000000000069cf      0xa23 Src/main.o
                                       0x2197 (size before relaxing)
 .debug_str     0x00000000000073f2       0x64 Src/stm32f4xx_hal_msp.o
                                       0x16b4 (size before relaxing)
 .debug_str     0x0000000000007456       0x50 Src/stm32f4xx_hal_timebase_tim.o
                                        0xe32 (size before relaxing)
 .debug_str     0x00000000000074a6       0xb8 Src/stm32f4xx_it.o
                                        0x780 (size before relaxing)
 .debug_str     0x000000000000755e       0x45 Src/system_stm32f4xx.o
                                        0x443 (size before relaxing)

.comment        0x0000000000000000       0x7c
 .comment       0x0000000000000000       0x7c Drivers/STM32F4xx_HAL_Driver/Src/stm32f4xx_hal.o
                                         0x7d (size before relaxing)
 .comment       0x000000000000007c       0x7d Drivers/STM32F4xx_HAL_Driver/Src/stm32f4xx_hal_cortex.o
 .comment       0x000000000000007c       0x7d Drivers/STM32F4xx_HAL_Driver/Src/stm32f4xx_hal_dac.o
 .comment       0x000000000000007c       0x7d Drivers/STM32F4xx_HAL_Driver/Src/stm32f4xx_hal_gpio.o
 .comment       0x000000000000007c       0x7d Drivers/STM32F4xx_HAL_Driver/Src/stm32f4xx_hal_rcc.o
 .comment       0x000000000000007c       0x7d Drivers/STM32F4xx_HAL_Driver/Src/stm32f4xx_hal_tim.o
 .comment       0x000000000000007c       0x7d Drivers/STM32F4xx_HAL_Driver/Src/stm32f4xx_hal_tim_ex.o
 .comment       0x000000000000007c       0x7d Drivers/STM32F4xx_HAL_Driver/Src/stm32f4xx_hal_uart.o
 .comment       0x000000000000007c       0x7d Middlewares/Third_Party/FreeRTOS/Source/CMSIS_RTOS_V2/cmsis_os2.o
 .comment       0x000000000000007c       0x7d Middlewares/Third_Party/FreeRTOS/Source/list.o
 .comment       0x000000000000007c       0x7d Middlewares/Third_Party/FreeRTOS/Source/portable/GCC/ARM_CM4F/port.o
 .comment       0x000000000000007c       0x7d Middlewares/Third_Party/FreeRTOS/Source/portable/MemMang/heap_4.o
 .comment       0x000000000000007c       0x7d Middlewares/Third_Party/FreeRTOS/Source/queue.o
 .comment       0x000000000000007c       0x7d Middlewares/Third_Party/FreeRTOS/Source/tasks.o
 .comment       0x000000000000007c       0x7d Middlewares/Third_Party/FreeRTOS/Source/timers.o
 .comment       0x000000000000007c       0x7d Src/main.o
 .comment       0x000000000000007c       0x7d Src/stm32f4xx_hal_msp.o
 .comment       0x000000000000007c       0x7d Src/stm32f4xx_hal_timebase_tim.o
 .comment       0x000000000000007c       0x7d Src/stm32f4xx_it.o
 .comment       0x000000000000007c       0x7d Src/system_stm32f4xx.o

.debug_frame    0x0000000000000000     0x5388
 .debug_frame   0x0000000000000000      0x3b4 Drivers/STM32F4xx_HAL_Driver/Src/stm32f4xx_hal.o
 .debug_frame   0x00000000000003b4      0x498 Drivers/STM32F4xx_HAL_Driver/Src/stm32f4xx_hal_cortex.o
 .debug_frame   0x000000000000084c      0x338 Drivers/STM32F4xx_HAL_Driver/Src/stm32f4xx_hal_dac.o
 .debug_frame   0x0000000000000b84      0x14c Drivers/STM32F4xx_HAL_Driver/Src/stm32f4xx_hal_gpio.o
 .debug_frame   0x0000000000000cd0      0x1f8 Drivers/STM32F4xx_HAL_Driver/Src/stm32f4xx_hal_rcc.o
 .debug_frame   0x0000000000000ec8     0x10f0 Drivers/STM32F4xx_HAL_Driver/Src/stm32f4xx_hal_tim.o
 .debug_frame   0x0000000000001fb8      0x5c0 Drivers/STM32F4xx_HAL_Driver/Src/stm32f4xx_hal_tim_ex.o
 .debug_frame   0x0000000000002578      0x844 Drivers/STM32F4xx_HAL_Driver/Src/stm32f4xx_hal_uart.o
 .debug_frame   0x0000000000002dbc      0x978 Middlewares/Third_Party/FreeRTOS/Source/CMSIS_RTOS_V2/cmsis_os2.o
 .debug_frame   0x0000000000003734       0xd8 Middlewares/Third_Party/FreeRTOS/Source/list.o
 .debug_frame   0x000000000000380c      0x1a8 Middlewares/Third_Party/FreeRTOS/Source/portable/GCC/ARM_CM4F/port.o
 .debug_frame   0x00000000000039b4      0x108 Middlewares/Third_Party/FreeRTOS/Source/portable/MemMang/heap_4.o
 .debug_frame   0x0000000000003abc      0x5ec Middlewares/Third_Party/FreeRTOS/Source/queue.o
 .debug_frame   0x00000000000040a8      0x8a8 Middlewares/Third_Party/FreeRTOS/Source/tasks.o
 .debug_frame   0x0000000000004950      0x3dc Middlewares/Third_Party/FreeRTOS/Source/timers.o
 .debug_frame   0x0000000000004d2c      0x264 Src/main.o
 .debug_frame   0x0000000000004f90      0x154 Src/stm32f4xx_hal_msp.o
 .debug_frame   0x00000000000050e4       0x74 Src/stm32f4xx_hal_timebase_tim.o
 .debug_frame   0x0000000000005158      0x104 Src/stm32f4xx_it.o
 .debug_frame   0x000000000000525c       0x58 Src/system_stm32f4xx.o
 .debug_frame   0x00000000000052b4       0x2c /opt/Atollic_TrueSTUDIO_for_STM32_x86_64_9.3.0/ARMTools/bin/../lib/gcc/arm-atollic-eabi/6.3.1/../../../../arm-atollic-eabi/lib/armv7e-m/fpu/libc_nano.a(lib_a-init.o)
 .debug_frame   0x00000000000052e0       0x28 /opt/Atollic_TrueSTUDIO_for_STM32_x86_64_9.3.0/ARMTools/bin/../lib/gcc/arm-atollic-eabi/6.3.1/../../../../arm-atollic-eabi/lib/armv7e-m/fpu/libc_nano.a(lib_a-memcpy-stub.o)
 .debug_frame   0x0000000000005308       0x20 /opt/Atollic_TrueSTUDIO_for_STM32_x86_64_9.3.0/ARMTools/bin/../lib/gcc/arm-atollic-eabi/6.3.1/../../../../arm-atollic-eabi/lib/armv7e-m/fpu/libc_nano.a(lib_a-memset.o)
 .debug_frame   0x0000000000005328       0x2c /opt/Atollic_TrueSTUDIO_for_STM32_x86_64_9.3.0/ARMTools/bin/../lib/gcc/arm-atollic-eabi/6.3.1/armv7e-m/fpu/libgcc.a(_aeabi_uldivmod.o)
 .debug_frame   0x0000000000005354       0x34 /opt/Atollic_TrueSTUDIO_for_STM32_x86_64_9.3.0/ARMTools/bin/../lib/gcc/arm-atollic-eabi/6.3.1/armv7e-m/fpu/libgcc.a(_udivmoddi4.o)
