main.c:136:5:main	8	static
main.c:239:6:SystemClock_Config	88	static
main.c:281:13:MX_NVIC_Init	8	static
main.c:296:13:MX_DAC_Init	16	static
main.c:334:13:MX_ETH_Init	8	static
main.c:376:13:MX_UART7_Init	8	static
main.c:409:13:MX_USART3_UART_Init	8	static
main.c:442:13:MX_USB_OTG_FS_PCD_Init	8	static
main.c:477:13:MX_GPIO_Init	56	static
main.c:543:6:HAL_GPIO_EXTI_Callback	16	static
main.c:563:6:StartDefaultTask	40	static
main.c:590:6:StartTask02	24	static
main.c:628:6:StartTask03	280	static
main.c:705:6:assemble_couleur	24	static
main.c:712:7:send_frame_with_int	56	static
main.c:791:6:StartTask04	16	static
main.c:810:6:HAL_TIM_PeriodElapsedCallback	16	static
main.c:827:6:Error_Handler	4	static
